The Emperor’s will shapes the project.

> md-search@0.0.15 build:extension
> vite build -c vite.extension.config.ts

vite v7.3.1 building client environment for production...
transforming...
[plugin vite:resolve] Module "os" has been externalized for browser compatibility, imported by "/Users/mikita_dusmikeev/Documents/Work/fun/extensions/md-search/src/backend/extension.ts". See https://vite.dev/guide/troubleshooting.html#module-externalized-for-browser-compatibility for more details.
[plugin vite:resolve] Module "path" has been externalized for browser compatibility, imported by "/Users/mikita_dusmikeev/Documents/Work/fun/extensions/md-search/src/backend/extension.ts". See https://vite.dev/guide/troubleshooting.html#module-externalized-for-browser-compatibility for more details.
[plugin vite:resolve] Module "fs" has been externalized for browser compatibility, imported by "/Users/mikita_dusmikeev/Documents/Work/fun/extensions/md-search/node_modules/fs-extra/lib/index.js". See https://vite.dev/guide/troubleshooting.html#module-externalized-for-browser-compatibility for more details.
[plugin vite:resolve] Module "path" has been externalized for browser compatibility, imported by "/Users/mikita_dusmikeev/Documents/Work/fun/extensions/md-search/node_modules/fs-extra/lib/empty/index.js". See https://vite.dev/guide/troubleshooting.html#module-externalized-for-browser-compatibility for more details.
[plugin vite:resolve] Module "path" has been externalized for browser compatibility, imported by "/Users/mikita_dusmikeev/Documents/Work/fun/extensions/md-search/node_modules/fs-extra/lib/output/index.js". See https://vite.dev/guide/troubleshooting.html#module-externalized-for-browser-compatibility for more details.
[plugin vite:resolve] Module "os" has been externalized for browser compatibility, imported by "/Users/mikita_dusmikeev/Documents/Work/fun/extensions/md-search/node_modules/astx/node/AstxWorkerPool.mjs". See https://vite.dev/guide/troubleshooting.html#module-externalized-for-browser-compatibility for more details.
[plugin vite:resolve] Module "path" has been externalized for browser compatibility, imported by "/Users/mikita_dusmikeev/Documents/Work/fun/extensions/md-search/node_modules/astx/node/runTransformOnFile.mjs". See https://vite.dev/guide/troubleshooting.html#module-externalized-for-browser-compatibility for more details.
[plugin vite:resolve] Module "util" has been externalized for browser compatibility, imported by "/Users/mikita_dusmikeev/Documents/Work/fun/extensions/md-search/node_modules/astx/node/runTransformOnFile.mjs". See https://vite.dev/guide/troubleshooting.html#module-externalized-for-browser-compatibility for more details.
[plugin vite:resolve] Module "path" has been externalized for browser compatibility, imported by "/Users/mikita_dusmikeev/Documents/Work/fun/extensions/md-search/node_modules/astx/node/astxGlob.mjs". See https://vite.dev/guide/troubleshooting.html#module-externalized-for-browser-compatibility for more details.
[plugin vite:resolve] Module "path" has been externalized for browser compatibility, imported by "/Users/mikita_dusmikeev/Documents/Work/fun/extensions/md-search/node_modules/fs-extra/lib/copy-sync/copy-sync.js". See https://vite.dev/guide/troubleshooting.html#module-externalized-for-browser-compatibility for more details.
[plugin vite:resolve] Module "fs" has been externalized for browser compatibility, imported by "/Users/mikita_dusmikeev/Documents/Work/fun/extensions/md-search/node_modules/graceful-fs/graceful-fs.js". See https://vite.dev/guide/troubleshooting.html#module-externalized-for-browser-compatibility for more details.
[plugin vite:resolve] Module "util" has been externalized for browser compatibility, imported by "/Users/mikita_dusmikeev/Documents/Work/fun/extensions/md-search/node_modules/graceful-fs/graceful-fs.js". See https://vite.dev/guide/troubleshooting.html#module-externalized-for-browser-compatibility for more details.
[plugin vite:resolve] Module "assert" has been externalized for browser compatibility, imported by "/Users/mikita_dusmikeev/Documents/Work/fun/extensions/md-search/node_modules/graceful-fs/graceful-fs.js". See https://vite.dev/guide/troubleshooting.html#module-externalized-for-browser-compatibility for more details.
[plugin vite:resolve] Module "path" has been externalized for browser compatibility, imported by "/Users/mikita_dusmikeev/Documents/Work/fun/extensions/md-search/node_modules/fs-extra/lib/copy/copy.js". See https://vite.dev/guide/troubleshooting.html#module-externalized-for-browser-compatibility for more details.
[plugin vite:resolve] Module "path" has been externalized for browser compatibility, imported by "/Users/mikita_dusmikeev/Documents/Work/fun/extensions/md-search/node_modules/fs-extra/lib/json/output-json.js". See https://vite.dev/guide/troubleshooting.html#module-externalized-for-browser-compatibility for more details.
[plugin vite:resolve] Module "path" has been externalized for browser compatibility, imported by "/Users/mikita_dusmikeev/Documents/Work/fun/extensions/md-search/node_modules/fs-extra/lib/json/output-json-sync.js". See https://vite.dev/guide/troubleshooting.html#module-externalized-for-browser-compatibility for more details.
[plugin vite:resolve] Module "path" has been externalized for browser compatibility, imported by "/Users/mikita_dusmikeev/Documents/Work/fun/extensions/md-search/node_modules/fs-extra/lib/ensure/link.js". See https://vite.dev/guide/troubleshooting.html#module-externalized-for-browser-compatibility for more details.
[plugin vite:resolve] Module "path" has been externalized for browser compatibility, imported by "/Users/mikita_dusmikeev/Documents/Work/fun/extensions/md-search/node_modules/fs-extra/lib/ensure/symlink.js". See https://vite.dev/guide/troubleshooting.html#module-externalized-for-browser-compatibility for more details.
[plugin vite:resolve] Module "path" has been externalized for browser compatibility, imported by "/Users/mikita_dusmikeev/Documents/Work/fun/extensions/md-search/node_modules/fs-extra/lib/move-sync/move-sync.js". See https://vite.dev/guide/troubleshooting.html#module-externalized-for-browser-compatibility for more details.
[plugin vite:resolve] Module "path" has been externalized for browser compatibility, imported by "/Users/mikita_dusmikeev/Documents/Work/fun/extensions/md-search/node_modules/fs-extra/lib/ensure/file.js". See https://vite.dev/guide/troubleshooting.html#module-externalized-for-browser-compatibility for more details.
[plugin vite:resolve] Module "path" has been externalized for browser compatibility, imported by "/Users/mikita_dusmikeev/Documents/Work/fun/extensions/md-search/node_modules/fs-extra/lib/move/move.js". See https://vite.dev/guide/troubleshooting.html#module-externalized-for-browser-compatibility for more details.
[plugin vite:resolve] Module "path" has been externalized for browser compatibility, imported by "/Users/mikita_dusmikeev/Documents/Work/fun/extensions/md-search/node_modules/fs-extra/lib/mkdirs/mkdirs.js". See https://vite.dev/guide/troubleshooting.html#module-externalized-for-browser-compatibility for more details.
[plugin vite:resolve] Module "path" has been externalized for browser compatibility, imported by "/Users/mikita_dusmikeev/Documents/Work/fun/extensions/md-search/node_modules/fs-extra/lib/mkdirs/mkdirs-sync.js". See https://vite.dev/guide/troubleshooting.html#module-externalized-for-browser-compatibility for more details.
[plugin vite:resolve] Module "path" has been externalized for browser compatibility, imported by "/Users/mikita_dusmikeev/Documents/Work/fun/extensions/md-search/node_modules/fs-extra/lib/remove/rimraf.js". See https://vite.dev/guide/troubleshooting.html#module-externalized-for-browser-compatibility for more details.
[plugin vite:resolve] Module "assert" has been externalized for browser compatibility, imported by "/Users/mikita_dusmikeev/Documents/Work/fun/extensions/md-search/node_modules/fs-extra/lib/remove/rimraf.js". See https://vite.dev/guide/troubleshooting.html#module-externalized-for-browser-compatibility for more details.
[plugin vite:resolve] Module "fs" has been externalized for browser compatibility, imported by "/Users/mikita_dusmikeev/Documents/Work/fun/extensions/md-search/node_modules/astx/node_modules/fs-extra/lib/index.js". See https://vite.dev/guide/troubleshooting.html#module-externalized-for-browser-compatibility for more details.
[plugin vite:resolve] Module "os" has been externalized for browser compatibility, imported by "/Users/mikita_dusmikeev/Documents/Work/fun/extensions/md-search/node_modules/cosmiconfig/dist/index.js". See https://vite.dev/guide/troubleshooting.html#module-externalized-for-browser-compatibility for more details.
[plugin vite:resolve] Module "worker_threads" has been externalized for browser compatibility, imported by "/Users/mikita_dusmikeev/Documents/Work/fun/extensions/md-search/node_modules/astx/node/AstxWorker.mjs". See https://vite.dev/guide/troubleshooting.html#module-externalized-for-browser-compatibility for more details.
[plugin vite:resolve] Module "path" has been externalized for browser compatibility, imported by "/Users/mikita_dusmikeev/Documents/Work/fun/extensions/md-search/node_modules/astx/node_modules/babel-parse-wild-code/index.mjs". See https://vite.dev/guide/troubleshooting.html#module-externalized-for-browser-compatibility for more details.
[plugin vite:resolve] Module "util" has been externalized for browser compatibility, imported by "/Users/mikita_dusmikeev/Documents/Work/fun/extensions/md-search/node_modules/astx/node_modules/babel-parse-wild-code/index.mjs". See https://vite.dev/guide/troubleshooting.html#module-externalized-for-browser-compatibility for more details.
[plugin vite:resolve] Module "fs" has been externalized for browser compatibility, imported by "/Users/mikita_dusmikeev/Documents/Work/fun/extensions/md-search/node_modules/astx/node_modules/babel-parse-wild-code/index.mjs". See https://vite.dev/guide/troubleshooting.html#module-externalized-for-browser-compatibility for more details.
[plugin vite:resolve] Module "os" has been externalized for browser compatibility, imported by "/Users/mikita_dusmikeev/Documents/Work/fun/extensions/md-search/node_modules/fs-extra/lib/util/utimes.js". See https://vite.dev/guide/troubleshooting.html#module-externalized-for-browser-compatibility for more details.
[plugin vite:resolve] Module "path" has been externalized for browser compatibility, imported by "/Users/mikita_dusmikeev/Documents/Work/fun/extensions/md-search/node_modules/fs-extra/lib/util/utimes.js". See https://vite.dev/guide/troubleshooting.html#module-externalized-for-browser-compatibility for more details.
[plugin vite:resolve] Module "constants" has been externalized for browser compatibility, imported by "/Users/mikita_dusmikeev/Documents/Work/fun/extensions/md-search/node_modules/graceful-fs/polyfills.js". See https://vite.dev/guide/troubleshooting.html#module-externalized-for-browser-compatibility for more details.
[plugin vite:resolve] Module "path" has been externalized for browser compatibility, imported by "/Users/mikita_dusmikeev/Documents/Work/fun/extensions/md-search/node_modules/fs-extra/lib/util/stat.js". See https://vite.dev/guide/troubleshooting.html#module-externalized-for-browser-compatibility for more details.
[plugin vite:resolve] Module "stream" has been externalized for browser compatibility, imported by "/Users/mikita_dusmikeev/Documents/Work/fun/extensions/md-search/node_modules/graceful-fs/legacy-streams.js". See https://vite.dev/guide/troubleshooting.html#module-externalized-for-browser-compatibility for more details.
[plugin vite:resolve] Module "fs" has been externalized for browser compatibility, imported by "/Users/mikita_dusmikeev/Documents/Work/fun/extensions/md-search/node_modules/jsonfile/index.js". See https://vite.dev/guide/troubleshooting.html#module-externalized-for-browser-compatibility for more details.
[plugin vite:resolve] Module "path" has been externalized for browser compatibility, imported by "/Users/mikita_dusmikeev/Documents/Work/fun/extensions/md-search/node_modules/fs-extra/lib/ensure/symlink-paths.js". See https://vite.dev/guide/troubleshooting.html#module-externalized-for-browser-compatibility for more details.
[plugin vite:resolve] Module "path" has been externalized for browser compatibility, imported by "/Users/mikita_dusmikeev/Documents/Work/fun/extensions/md-search/node_modules/astx/node/glob.mjs". See https://vite.dev/guide/troubleshooting.html#module-externalized-for-browser-compatibility for more details.
[plugin vite:resolve] Module "path" has been externalized for browser compatibility, imported by "/Users/mikita_dusmikeev/Documents/Work/fun/extensions/md-search/node_modules/fs-extra/lib/mkdirs/win32.js". See https://vite.dev/guide/troubleshooting.html#module-externalized-for-browser-compatibility for more details.
[plugin vite:resolve] Module "path" has been externalized for browser compatibility, imported by "/Users/mikita_dusmikeev/Documents/Work/fun/extensions/md-search/node_modules/astx/node_modules/fs-extra/lib/empty/index.js". See https://vite.dev/guide/troubleshooting.html#module-externalized-for-browser-compatibility for more details.
[plugin vite:resolve] Module "path" has been externalized for browser compatibility, imported by "/Users/mikita_dusmikeev/Documents/Work/fun/extensions/md-search/node_modules/astx/node_modules/fs-extra/lib/output/index.js". See https://vite.dev/guide/troubleshooting.html#module-externalized-for-browser-compatibility for more details.
[plugin vite:resolve] Module "fs" has been externalized for browser compatibility, imported by "/Users/mikita_dusmikeev/Documents/Work/fun/extensions/md-search/node_modules/resolve/lib/async.js". See https://vite.dev/guide/troubleshooting.html#module-externalized-for-browser-compatibility for more details.
[plugin vite:resolve] Module "path" has been externalized for browser compatibility, imported by "/Users/mikita_dusmikeev/Documents/Work/fun/extensions/md-search/node_modules/resolve/lib/async.js". See https://vite.dev/guide/troubleshooting.html#module-externalized-for-browser-compatibility for more details.
[plugin vite:resolve] Module "fs" has been externalized for browser compatibility, imported by "/Users/mikita_dusmikeev/Documents/Work/fun/extensions/md-search/node_modules/resolve/lib/sync.js". See https://vite.dev/guide/troubleshooting.html#module-externalized-for-browser-compatibility for more details.
[plugin vite:resolve] Module "path" has been externalized for browser compatibility, imported by "/Users/mikita_dusmikeev/Documents/Work/fun/extensions/md-search/node_modules/resolve/lib/sync.js". See https://vite.dev/guide/troubleshooting.html#module-externalized-for-browser-compatibility for more details.
[plugin vite:resolve] Module "path" has been externalized for browser compatibility, imported by "/Users/mikita_dusmikeev/Documents/Work/fun/extensions/md-search/node_modules/cosmiconfig/dist/ExplorerSync.js". See https://vite.dev/guide/troubleshooting.html#module-externalized-for-browser-compatibility for more details.
[plugin vite:resolve] Module "path" has been externalized for browser compatibility, imported by "/Users/mikita_dusmikeev/Documents/Work/fun/extensions/md-search/node_modules/cosmiconfig/dist/Explorer.js". See https://vite.dev/guide/troubleshooting.html#module-externalized-for-browser-compatibility for more details.
[plugin vite:resolve] Module "path" has been externalized for browser compatibility, imported by "/Users/mikita_dusmikeev/Documents/Work/fun/extensions/md-search/node_modules/astx/babel/getBabelAutoBackend.mjs". See https://vite.dev/guide/troubleshooting.html#module-externalized-for-browser-compatibility for more details.
[plugin vite:resolve] Module "util" has been externalized for browser compatibility, imported by "/Users/mikita_dusmikeev/Documents/Work/fun/extensions/md-search/node_modules/astx/babel/getBabelAutoBackend.mjs". See https://vite.dev/guide/troubleshooting.html#module-externalized-for-browser-compatibility for more details.
[plugin vite:resolve] Module "path" has been externalized for browser compatibility, imported by "/Users/mikita_dusmikeev/Documents/Work/fun/extensions/md-search/node_modules/astx/util/addImports.mjs". See https://vite.dev/guide/troubleshooting.html#module-externalized-for-browser-compatibility for more details.
[plugin vite:resolve] Module "fs" has been externalized for browser compatibility, imported by "/Users/mikita_dusmikeev/Documents/Work/fun/extensions/md-search/node_modules/gitignore-fs/index.mjs". See https://vite.dev/guide/troubleshooting.html#module-externalized-for-browser-compatibility for more details.
[plugin vite:resolve] Module "util" has been externalized for browser compatibility, imported by "/Users/mikita_dusmikeev/Documents/Work/fun/extensions/md-search/node_modules/gitignore-fs/index.mjs". See https://vite.dev/guide/troubleshooting.html#module-externalized-for-browser-compatibility for more details.
[plugin vite:resolve] Module "path" has been externalized for browser compatibility, imported by "/Users/mikita_dusmikeev/Documents/Work/fun/extensions/md-search/node_modules/gitignore-fs/index.mjs". See https://vite.dev/guide/troubleshooting.html#module-externalized-for-browser-compatibility for more details.
[plugin vite:resolve] Module "child_process" has been externalized for browser compatibility, imported by "/Users/mikita_dusmikeev/Documents/Work/fun/extensions/md-search/node_modules/gitignore-fs/index.mjs". See https://vite.dev/guide/troubleshooting.html#module-externalized-for-browser-compatibility for more details.
[plugin vite:resolve] Module "crypto" has been externalized for browser compatibility, imported by "/Users/mikita_dusmikeev/Documents/Work/fun/extensions/md-search/src/backend/SearchReplaceViewProvider.ts". See https://vite.dev/guide/troubleshooting.html#module-externalized-for-browser-compatibility for more details.
[plugin vite:resolve] Module "path" has been externalized for browser compatibility, imported by "/Users/mikita_dusmikeev/Documents/Work/fun/extensions/md-search/node_modules/astx/node_modules/fs-extra/lib/copy/copy.js". See https://vite.dev/guide/troubleshooting.html#module-externalized-for-browser-compatibility for more details.
[plugin vite:resolve] Module "path" has been externalized for browser compatibility, imported by "/Users/mikita_dusmikeev/Documents/Work/fun/extensions/md-search/node_modules/astx/node_modules/fs-extra/lib/copy-sync/copy-sync.js". See https://vite.dev/guide/troubleshooting.html#module-externalized-for-browser-compatibility for more details.
[plugin vite:resolve] Module "path" has been externalized for browser compatibility, imported by "/Users/mikita_dusmikeev/Documents/Work/fun/extensions/md-search/node_modules/astx/node_modules/fs-extra/lib/ensure/symlink.js". See https://vite.dev/guide/troubleshooting.html#module-externalized-for-browser-compatibility for more details.
[plugin vite:resolve] Module "path" has been externalized for browser compatibility, imported by "/Users/mikita_dusmikeev/Documents/Work/fun/extensions/md-search/node_modules/astx/node_modules/fs-extra/lib/ensure/file.js". See https://vite.dev/guide/troubleshooting.html#module-externalized-for-browser-compatibility for more details.
[plugin vite:resolve] Module "path" has been externalized for browser compatibility, imported by "/Users/mikita_dusmikeev/Documents/Work/fun/extensions/md-search/node_modules/astx/node_modules/fs-extra/lib/ensure/link.js". See https://vite.dev/guide/troubleshooting.html#module-externalized-for-browser-compatibility for more details.
[plugin vite:resolve] Module "path" has been externalized for browser compatibility, imported by "/Users/mikita_dusmikeev/Documents/Work/fun/extensions/md-search/node_modules/astx/node_modules/fs-extra/lib/mkdirs/make-dir.js". See https://vite.dev/guide/troubleshooting.html#module-externalized-for-browser-compatibility for more details.
[plugin vite:resolve] Module "path" has been externalized for browser compatibility, imported by "/Users/mikita_dusmikeev/Documents/Work/fun/extensions/md-search/node_modules/astx/node_modules/fs-extra/lib/move/move.js". See https://vite.dev/guide/troubleshooting.html#module-externalized-for-browser-compatibility for more details.
[plugin vite:resolve] Module "path" has been externalized for browser compatibility, imported by "/Users/mikita_dusmikeev/Documents/Work/fun/extensions/md-search/node_modules/astx/node_modules/fs-extra/lib/move-sync/move-sync.js". See https://vite.dev/guide/troubleshooting.html#module-externalized-for-browser-compatibility for more details.
[plugin vite:resolve] Module "path" has been externalized for browser compatibility, imported by "/Users/mikita_dusmikeev/Documents/Work/fun/extensions/md-search/node_modules/astx/node_modules/fs-extra/lib/remove/rimraf.js". See https://vite.dev/guide/troubleshooting.html#module-externalized-for-browser-compatibility for more details.
[plugin vite:resolve] Module "assert" has been externalized for browser compatibility, imported by "/Users/mikita_dusmikeev/Documents/Work/fun/extensions/md-search/node_modules/astx/node_modules/fs-extra/lib/remove/rimraf.js". See https://vite.dev/guide/troubleshooting.html#module-externalized-for-browser-compatibility for more details.
[plugin vite:resolve] Module "path" has been externalized for browser compatibility, imported by "/Users/mikita_dusmikeev/Documents/Work/fun/extensions/md-search/node_modules/resolve/lib/node-modules-paths.js". See https://vite.dev/guide/troubleshooting.html#module-externalized-for-browser-compatibility for more details.
[plugin vite:resolve] Module "os" has been externalized for browser compatibility, imported by "/Users/mikita_dusmikeev/Documents/Work/fun/extensions/md-search/node_modules/resolve/lib/homedir.js". See https://vite.dev/guide/troubleshooting.html#module-externalized-for-browser-compatibility for more details.
[plugin vite:resolve] Module "fs" has been externalized for browser compatibility, imported by "/Users/mikita_dusmikeev/Documents/Work/fun/extensions/md-search/node_modules/cosmiconfig/dist/readFile.js". See https://vite.dev/guide/troubleshooting.html#module-externalized-for-browser-compatibility for more details.
[plugin vite:resolve] Module "path" has been externalized for browser compatibility, imported by "/Users/mikita_dusmikeev/Documents/Work/fun/extensions/md-search/node_modules/cosmiconfig/dist/ExplorerBase.js". See https://vite.dev/guide/troubleshooting.html#module-externalized-for-browser-compatibility for more details.
[plugin vite:resolve] Module "path" has been externalized for browser compatibility, imported by "/Users/mikita_dusmikeev/Documents/Work/fun/extensions/md-search/node_modules/cosmiconfig/dist/getDirectory.js". See https://vite.dev/guide/troubleshooting.html#module-externalized-for-browser-compatibility for more details.
[plugin vite:resolve] Module "path" has been externalized for browser compatibility, imported by "/Users/mikita_dusmikeev/Documents/Work/fun/extensions/md-search/node_modules/import-fresh/index.js". See https://vite.dev/guide/troubleshooting.html#module-externalized-for-browser-compatibility for more details.
[plugin vite:resolve] Module "module" has been externalized for browser compatibility, imported by "/Users/mikita_dusmikeev/Documents/Work/fun/extensions/md-search/node_modules/tsx/dist/cjs/api/index.mjs". See https://vite.dev/guide/troubleshooting.html#module-externalized-for-browser-compatibility for more details.
[plugin vite:resolve] Module "node:path" has been externalized for browser compatibility, imported by "/Users/mikita_dusmikeev/Documents/Work/fun/extensions/md-search/node_modules/tsx/dist/cjs/api/index.mjs". See https://vite.dev/guide/troubleshooting.html#module-externalized-for-browser-compatibility for more details.
[plugin vite:resolve] Module "node:os" has been externalized for browser compatibility, imported by "/Users/mikita_dusmikeev/Documents/Work/fun/extensions/md-search/node_modules/tsx/dist/cjs/api/index.mjs". See https://vite.dev/guide/troubleshooting.html#module-externalized-for-browser-compatibility for more details.
[plugin vite:resolve] Module "node:module" has been externalized for browser compatibility, imported by "/Users/mikita_dusmikeev/Documents/Work/fun/extensions/md-search/node_modules/tsx/dist/cjs/api/index.mjs". See https://vite.dev/guide/troubleshooting.html#module-externalized-for-browser-compatibility for more details.
[plugin vite:resolve] Module "node:url" has been externalized for browser compatibility, imported by "/Users/mikita_dusmikeev/Documents/Work/fun/extensions/md-search/node_modules/tsx/dist/cjs/api/index.mjs". See https://vite.dev/guide/troubleshooting.html#module-externalized-for-browser-compatibility for more details.
[plugin vite:resolve] Module "node:fs" has been externalized for browser compatibility, imported by "/Users/mikita_dusmikeev/Documents/Work/fun/extensions/md-search/node_modules/tsx/dist/cjs/api/index.mjs". See https://vite.dev/guide/troubleshooting.html#module-externalized-for-browser-compatibility for more details.
[plugin vite:resolve] Module "node:crypto" has been externalized for browser compatibility, imported by "/Users/mikita_dusmikeev/Documents/Work/fun/extensions/md-search/node_modules/tsx/dist/cjs/api/index.mjs". See https://vite.dev/guide/troubleshooting.html#module-externalized-for-browser-compatibility for more details.
[plugin vite:resolve] Module "node:net" has been externalized for browser compatibility, imported by "/Users/mikita_dusmikeev/Documents/Work/fun/extensions/md-search/node_modules/tsx/dist/cjs/api/index.mjs". See https://vite.dev/guide/troubleshooting.html#module-externalized-for-browser-compatibility for more details.
[plugin vite:resolve] Module "node:module" has been externalized for browser compatibility, imported by "/Users/mikita_dusmikeev/Documents/Work/fun/extensions/md-search/node_modules/tsx/dist/esm/api/index.mjs". See https://vite.dev/guide/troubleshooting.html#module-externalized-for-browser-compatibility for more details.
[plugin vite:resolve] Module "node:worker_threads" has been externalized for browser compatibility, imported by "/Users/mikita_dusmikeev/Documents/Work/fun/extensions/md-search/node_modules/tsx/dist/esm/api/index.mjs". See https://vite.dev/guide/troubleshooting.html#module-externalized-for-browser-compatibility for more details.
[plugin vite:resolve] Module "node:url" has been externalized for browser compatibility, imported by "/Users/mikita_dusmikeev/Documents/Work/fun/extensions/md-search/node_modules/tsx/dist/esm/api/index.mjs". See https://vite.dev/guide/troubleshooting.html#module-externalized-for-browser-compatibility for more details.
[plugin vite:resolve] Module "module" has been externalized for browser compatibility, imported by "/Users/mikita_dusmikeev/Documents/Work/fun/extensions/md-search/node_modules/tsx/dist/esm/api/index.mjs". See https://vite.dev/guide/troubleshooting.html#module-externalized-for-browser-compatibility for more details.
[plugin vite:resolve] Module "node:path" has been externalized for browser compatibility, imported by "/Users/mikita_dusmikeev/Documents/Work/fun/extensions/md-search/node_modules/tsx/dist/esm/api/index.mjs". See https://vite.dev/guide/troubleshooting.html#module-externalized-for-browser-compatibility for more details.
[plugin vite:resolve] Module "node:os" has been externalized for browser compatibility, imported by "/Users/mikita_dusmikeev/Documents/Work/fun/extensions/md-search/node_modules/tsx/dist/esm/api/index.mjs". See https://vite.dev/guide/troubleshooting.html#module-externalized-for-browser-compatibility for more details.
[plugin vite:resolve] Module "node:fs" has been externalized for browser compatibility, imported by "/Users/mikita_dusmikeev/Documents/Work/fun/extensions/md-search/node_modules/tsx/dist/esm/api/index.mjs". See https://vite.dev/guide/troubleshooting.html#module-externalized-for-browser-compatibility for more details.
[plugin vite:resolve] Module "node:crypto" has been externalized for browser compatibility, imported by "/Users/mikita_dusmikeev/Documents/Work/fun/extensions/md-search/node_modules/tsx/dist/esm/api/index.mjs". See https://vite.dev/guide/troubleshooting.html#module-externalized-for-browser-compatibility for more details.
[plugin vite:resolve] Module "node:net" has been externalized for browser compatibility, imported by "/Users/mikita_dusmikeev/Documents/Work/fun/extensions/md-search/node_modules/tsx/dist/esm/api/index.mjs". See https://vite.dev/guide/troubleshooting.html#module-externalized-for-browser-compatibility for more details.
[plugin vite:resolve] Module "path" has been externalized for browser compatibility, imported by "/Users/mikita_dusmikeev/Documents/Work/fun/extensions/md-search/node_modules/astx/compileMatcher/RelativeSource.mjs". See https://vite.dev/guide/troubleshooting.html#module-externalized-for-browser-compatibility for more details.
[plugin vite:resolve] Module "path" has been externalized for browser compatibility, imported by "/Users/mikita_dusmikeev/Documents/Work/fun/extensions/md-search/node_modules/astx/node_modules/fs-extra/lib/ensure/symlink-paths.js". See https://vite.dev/guide/troubleshooting.html#module-externalized-for-browser-compatibility for more details.
[plugin vite:resolve] Module "path" has been externalized for browser compatibility, imported by "/Users/mikita_dusmikeev/Documents/Work/fun/extensions/md-search/node_modules/astx/node_modules/fs-extra/lib/util/stat.js". See https://vite.dev/guide/troubleshooting.html#module-externalized-for-browser-compatibility for more details.
[plugin vite:resolve] Module "util" has been externalized for browser compatibility, imported by "/Users/mikita_dusmikeev/Documents/Work/fun/extensions/md-search/node_modules/astx/node_modules/fs-extra/lib/util/stat.js". See https://vite.dev/guide/troubleshooting.html#module-externalized-for-browser-compatibility for more details.
[plugin vite:resolve] Module "fs" has been externalized for browser compatibility, imported by "/Users/mikita_dusmikeev/Documents/Work/fun/extensions/md-search/node_modules/astx/node_modules/jsonfile/index.js". See https://vite.dev/guide/troubleshooting.html#module-externalized-for-browser-compatibility for more details.
[plugin vite:resolve] Module "util" has been externalized for browser compatibility, imported by "/Users/mikita_dusmikeev/Documents/Work/fun/extensions/md-search/node_modules/path-type/index.js". See https://vite.dev/guide/troubleshooting.html#module-externalized-for-browser-compatibility for more details.
[plugin vite:resolve] Module "fs" has been externalized for browser compatibility, imported by "/Users/mikita_dusmikeev/Documents/Work/fun/extensions/md-search/node_modules/path-type/index.js". See https://vite.dev/guide/troubleshooting.html#module-externalized-for-browser-compatibility for more details.
[plugin vite:resolve] Module "path" has been externalized for browser compatibility, imported by "/Users/mikita_dusmikeev/Documents/Work/fun/extensions/md-search/node_modules/import-fresh/node_modules/resolve-from/index.js". See https://vite.dev/guide/troubleshooting.html#module-externalized-for-browser-compatibility for more details.
[plugin vite:resolve] Module "module" has been externalized for browser compatibility, imported by "/Users/mikita_dusmikeev/Documents/Work/fun/extensions/md-search/node_modules/import-fresh/node_modules/resolve-from/index.js". See https://vite.dev/guide/troubleshooting.html#module-externalized-for-browser-compatibility for more details.
[plugin vite:resolve] Module "fs" has been externalized for browser compatibility, imported by "/Users/mikita_dusmikeev/Documents/Work/fun/extensions/md-search/node_modules/import-fresh/node_modules/resolve-from/index.js". See https://vite.dev/guide/troubleshooting.html#module-externalized-for-browser-compatibility for more details.
[plugin vite:resolve] Module "util" has been externalized for browser compatibility, imported by "/Users/mikita_dusmikeev/Documents/Work/fun/extensions/md-search/node_modules/error-ex/index.js". See https://vite.dev/guide/troubleshooting.html#module-externalized-for-browser-compatibility for more details.
[plugin vite:resolve] Module "fs" has been externalized for browser compatibility, imported by "/Users/mikita_dusmikeev/Documents/Work/fun/extensions/md-search/node_modules/esbuild/lib/main.js". See https://vite.dev/guide/troubleshooting.html#module-externalized-for-browser-compatibility for more details.
[plugin vite:resolve] Module "os" has been externalized for browser compatibility, imported by "/Users/mikita_dusmikeev/Documents/Work/fun/extensions/md-search/node_modules/esbuild/lib/main.js". See https://vite.dev/guide/troubleshooting.html#module-externalized-for-browser-compatibility for more details.
[plugin vite:resolve] Module "path" has been externalized for browser compatibility, imported by "/Users/mikita_dusmikeev/Documents/Work/fun/extensions/md-search/node_modules/esbuild/lib/main.js". See https://vite.dev/guide/troubleshooting.html#module-externalized-for-browser-compatibility for more details.
[plugin vite:resolve] Module "child_process" has been externalized for browser compatibility, imported by "/Users/mikita_dusmikeev/Documents/Work/fun/extensions/md-search/node_modules/esbuild/lib/main.js". See https://vite.dev/guide/troubleshooting.html#module-externalized-for-browser-compatibility for more details.
[plugin vite:resolve] Module "crypto" has been externalized for browser compatibility, imported by "/Users/mikita_dusmikeev/Documents/Work/fun/extensions/md-search/node_modules/esbuild/lib/main.js". See https://vite.dev/guide/troubleshooting.html#module-externalized-for-browser-compatibility for more details.
[plugin vite:resolve] Module "tty" has been externalized for browser compatibility, imported by "/Users/mikita_dusmikeev/Documents/Work/fun/extensions/md-search/node_modules/esbuild/lib/main.js". See https://vite.dev/guide/troubleshooting.html#module-externalized-for-browser-compatibility for more details.
[plugin vite:resolve] Module "worker_threads" has been externalized for browser compatibility, imported by "/Users/mikita_dusmikeev/Documents/Work/fun/extensions/md-search/node_modules/esbuild/lib/main.js". See https://vite.dev/guide/troubleshooting.html#module-externalized-for-browser-compatibility for more details.
[plugin vite:resolve] Module "child_process" has been externalized for browser compatibility, imported by "/Users/mikita_dusmikeev/Documents/Work/fun/extensions/md-search/node_modules/promisify-child-process/index.cjs". See https://vite.dev/guide/troubleshooting.html#module-externalized-for-browser-compatibility for more details.
[plugin vite:resolve] Module "module" has been externalized for browser compatibility, imported by "/Users/mikita_dusmikeev/Documents/Work/fun/extensions/md-search/node_modules/tsx/dist/get-pipe-path-BHW2eJdv.mjs". See https://vite.dev/guide/troubleshooting.html#module-externalized-for-browser-compatibility for more details.
[plugin vite:resolve] Module "node:path" has been externalized for browser compatibility, imported by "/Users/mikita_dusmikeev/Documents/Work/fun/extensions/md-search/node_modules/tsx/dist/get-pipe-path-BHW2eJdv.mjs". See https://vite.dev/guide/troubleshooting.html#module-externalized-for-browser-compatibility for more details.
[plugin vite:resolve] Module "node:path" has been externalized for browser compatibility, imported by "/Users/mikita_dusmikeev/Documents/Work/fun/extensions/md-search/node_modules/get-tsconfig/dist/index.mjs". See https://vite.dev/guide/troubleshooting.html#module-externalized-for-browser-compatibility for more details.
[plugin vite:resolve] Module "node:fs" has been externalized for browser compatibility, imported by "/Users/mikita_dusmikeev/Documents/Work/fun/extensions/md-search/node_modules/get-tsconfig/dist/index.mjs". See https://vite.dev/guide/troubleshooting.html#module-externalized-for-browser-compatibility for more details.
[plugin vite:resolve] Module "node:module" has been externalized for browser compatibility, imported by "/Users/mikita_dusmikeev/Documents/Work/fun/extensions/md-search/node_modules/get-tsconfig/dist/index.mjs". See https://vite.dev/guide/troubleshooting.html#module-externalized-for-browser-compatibility for more details.
[plugin vite:resolve] Module "fs" has been externalized for browser compatibility, imported by "/Users/mikita_dusmikeev/Documents/Work/fun/extensions/md-search/node_modules/get-tsconfig/dist/index.mjs". See https://vite.dev/guide/troubleshooting.html#module-externalized-for-browser-compatibility for more details.
[plugin vite:resolve] Module "node:path" has been externalized for browser compatibility, imported by "/Users/mikita_dusmikeev/Documents/Work/fun/extensions/md-search/node_modules/tsx/dist/temporary-directory-CwHp0_NW.mjs". See https://vite.dev/guide/troubleshooting.html#module-externalized-for-browser-compatibility for more details.
[plugin vite:resolve] Module "node:os" has been externalized for browser compatibility, imported by "/Users/mikita_dusmikeev/Documents/Work/fun/extensions/md-search/node_modules/tsx/dist/temporary-directory-CwHp0_NW.mjs". See https://vite.dev/guide/troubleshooting.html#module-externalized-for-browser-compatibility for more details.
[plugin vite:resolve] Module "node:net" has been externalized for browser compatibility, imported by "/Users/mikita_dusmikeev/Documents/Work/fun/extensions/md-search/node_modules/tsx/dist/client-BQVF1NaW.mjs". See https://vite.dev/guide/troubleshooting.html#module-externalized-for-browser-compatibility for more details.
[plugin vite:resolve] Module "node:module" has been externalized for browser compatibility, imported by "/Users/mikita_dusmikeev/Documents/Work/fun/extensions/md-search/node_modules/tsx/dist/register-C3TE0KFF.mjs". See https://vite.dev/guide/troubleshooting.html#module-externalized-for-browser-compatibility for more details.
[plugin vite:resolve] Module "node:path" has been externalized for browser compatibility, imported by "/Users/mikita_dusmikeev/Documents/Work/fun/extensions/md-search/node_modules/tsx/dist/register-C3TE0KFF.mjs". See https://vite.dev/guide/troubleshooting.html#module-externalized-for-browser-compatibility for more details.
[plugin vite:resolve] Module "node:url" has been externalized for browser compatibility, imported by "/Users/mikita_dusmikeev/Documents/Work/fun/extensions/md-search/node_modules/tsx/dist/register-C3TE0KFF.mjs". See https://vite.dev/guide/troubleshooting.html#module-externalized-for-browser-compatibility for more details.
[plugin vite:resolve] Module "node:fs" has been externalized for browser compatibility, imported by "/Users/mikita_dusmikeev/Documents/Work/fun/extensions/md-search/node_modules/tsx/dist/register-C3TE0KFF.mjs". See https://vite.dev/guide/troubleshooting.html#module-externalized-for-browser-compatibility for more details.
[plugin vite:resolve] Module "node:module" has been externalized for browser compatibility, imported by "/Users/mikita_dusmikeev/Documents/Work/fun/extensions/md-search/node_modules/tsx/dist/register-RyGUjI6j.mjs". See https://vite.dev/guide/troubleshooting.html#module-externalized-for-browser-compatibility for more details.
[plugin vite:resolve] Module "node:worker_threads" has been externalized for browser compatibility, imported by "/Users/mikita_dusmikeev/Documents/Work/fun/extensions/md-search/node_modules/tsx/dist/register-RyGUjI6j.mjs". See https://vite.dev/guide/troubleshooting.html#module-externalized-for-browser-compatibility for more details.
[plugin vite:resolve] Module "node:url" has been externalized for browser compatibility, imported by "/Users/mikita_dusmikeev/Documents/Work/fun/extensions/md-search/node_modules/tsx/dist/register-RyGUjI6j.mjs". See https://vite.dev/guide/troubleshooting.html#module-externalized-for-browser-compatibility for more details.
[plugin vite:resolve] Module "node:url" has been externalized for browser compatibility, imported by "/Users/mikita_dusmikeev/Documents/Work/fun/extensions/md-search/node_modules/tsx/dist/index-DlKgSVBb.mjs". See https://vite.dev/guide/troubleshooting.html#module-externalized-for-browser-compatibility for more details.
[plugin vite:resolve] Module "node:crypto" has been externalized for browser compatibility, imported by "/Users/mikita_dusmikeev/Documents/Work/fun/extensions/md-search/node_modules/tsx/dist/index-DlKgSVBb.mjs". See https://vite.dev/guide/troubleshooting.html#module-externalized-for-browser-compatibility for more details.
[plugin vite:resolve] Module "node:fs" has been externalized for browser compatibility, imported by "/Users/mikita_dusmikeev/Documents/Work/fun/extensions/md-search/node_modules/tsx/dist/index-DlKgSVBb.mjs". See https://vite.dev/guide/troubleshooting.html#module-externalized-for-browser-compatibility for more details.
[plugin vite:resolve] Module "node:path" has been externalized for browser compatibility, imported by "/Users/mikita_dusmikeev/Documents/Work/fun/extensions/md-search/node_modules/tsx/dist/index-DlKgSVBb.mjs". See https://vite.dev/guide/troubleshooting.html#module-externalized-for-browser-compatibility for more details.
[plugin vite:resolve] Module "node:os" has been externalized for browser compatibility, imported by "/Users/mikita_dusmikeev/Documents/Work/fun/extensions/md-search/node_modules/tsx/dist/index-DlKgSVBb.mjs". See https://vite.dev/guide/troubleshooting.html#module-externalized-for-browser-compatibility for more details.
[plugin vite:resolve] Module "path" has been externalized for browser compatibility, imported by "/Users/mikita_dusmikeev/Documents/Work/fun/extensions/md-search/node_modules/astx/compileReplacement/RelativeSource.mjs". See https://vite.dev/guide/troubleshooting.html#module-externalized-for-browser-compatibility for more details.
[plugin vite:resolve] Module "util" has been externalized for browser compatibility, imported by "/Users/mikita_dusmikeev/Documents/Work/fun/extensions/md-search/src/backend/searchController/SearchRunner.ts". See https://vite.dev/guide/troubleshooting.html#module-externalized-for-browser-compatibility for more details.
[plugin vite:resolve] Module "fs" has been externalized for browser compatibility, imported by "/Users/mikita_dusmikeev/Documents/Work/fun/extensions/md-search/src/backend/searchController/SearchRunner.ts". See https://vite.dev/guide/troubleshooting.html#module-externalized-for-browser-compatibility for more details.
[plugin vite:resolve] Module "path" has been externalized for browser compatibility, imported by "/Users/mikita_dusmikeev/Documents/Work/fun/extensions/md-search/src/backend/searchController/SearchRunner.ts". See https://vite.dev/guide/troubleshooting.html#module-externalized-for-browser-compatibility for more details.
[plugin vite:resolve] Module "os" has been externalized for browser compatibility, imported by "/Users/mikita_dusmikeev/Documents/Work/fun/extensions/md-search/node_modules/recast/lib/util.js". See https://vite.dev/guide/troubleshooting.html#module-externalized-for-browser-compatibility for more details.
[plugin vite:resolve] Module "path" has been externalized for browser compatibility, imported by "/Users/mikita_dusmikeev/Documents/Work/fun/extensions/md-search/src/backend/glob/convertGlobPattern.ts". See https://vite.dev/guide/troubleshooting.html#module-externalized-for-browser-compatibility for more details.
[plugin vite:resolve] Module "path" has been externalized for browser compatibility, imported by "/Users/mikita_dusmikeev/Documents/Work/fun/extensions/md-search/src/backend/searchController/AstxSearchRunner.ts". See https://vite.dev/guide/troubleshooting.html#module-externalized-for-browser-compatibility for more details.
[plugin vite:resolve] Module "os" has been externalized for browser compatibility, imported by "/Users/mikita_dusmikeev/Documents/Work/fun/extensions/md-search/src/backend/searchController/TextSearchRunner.ts". See https://vite.dev/guide/troubleshooting.html#module-externalized-for-browser-compatibility for more details.
✓ 981 modules transformed.
✗ Build failed in 1.09s
error during build:
src/backend/searchController/TextSearchRunner.ts (5:9): "cpus" is not exported by "__vite-browser-external", imported by "src/backend/searchController/TextSearchRunner.ts".
file: /Users/mikita_dusmikeev/Documents/Work/fun/extensions/md-search/src/backend/searchController/TextSearchRunner.ts:5:9

3: import { TypedEmitter } from 'tiny-typed-emitter'
4: import { AstxRunnerEvents, TransformResultEvent } from './SearchRunnerTypes'
5: import { cpus } from 'os'
            ^
6: import { SearchCache } from './SearchCache'
7: import { Params, IAstxExtension } from '../types'

    at getRollupError (file:///Users/mikita_dusmikeev/Documents/Work/fun/extensions/md-search/node_modules/rollup/dist/es/shared/parseAst.js:401:41)
    at error (file:///Users/mikita_dusmikeev/Documents/Work/fun/extensions/md-search/node_modules/rollup/dist/es/shared/parseAst.js:397:42)
    at Module.error (file:///Users/mikita_dusmikeev/Documents/Work/fun/extensions/md-search/node_modules/rollup/dist/es/shared/node-entry.js:17022:16)
    at Module.traceVariable (file:///Users/mikita_dusmikeev/Documents/Work/fun/extensions/md-search/node_modules/rollup/dist/es/shared/node-entry.js:17478:29)
    at ModuleScope.findVariable (file:///Users/mikita_dusmikeev/Documents/Work/fun/extensions/md-search/node_modules/rollup/dist/es/shared/node-entry.js:15141:39)
    at Identifier.bind (file:///Users/mikita_dusmikeev/Documents/Work/fun/extensions/md-search/node_modules/rollup/dist/es/shared/node-entry.js:5462:40)
    at CallExpression.bind (file:///Users/mikita_dusmikeev/Documents/Work/fun/extensions/md-search/node_modules/rollup/dist/es/shared/node-entry.js:2829:23)
    at CallExpression.bind (file:///Users/mikita_dusmikeev/Documents/Work/fun/extensions/md-search/node_modules/rollup/dist/es/shared/node-entry.js:12172:15)
    at MemberExpression.bind (file:///Users/mikita_dusmikeev/Documents/Work/fun/extensions/md-search/node_modules/rollup/dist/es/shared/node-entry.js:2829:23)
    at MemberExpression.bind (file:///Users/mikita_dusmikeev/Documents/Work/fun/extensions/md-search/node_modules/rollup/dist/es/shared/node-entry.js:7421:19)
